
added 46 packages in 1m
npm notice
npm notice New major version of npm available! 11.17.0 -> 12.0.2
npm notice Changelog: https://github.com/npm/cli/releases/tag/v12.0.2
npm notice To update run: npm install -g npm@12.0.2
npm notice

[benchmark-phase] {"label":"install","cwd":"web","durationMs":76183,"exitCode":0}
✔ password hashes verify only the original password (164.277ms)
✔ admin token is valid for its version until expiration (0.9267ms)
✔ admin token rejects tampering and the wrong signing secret (0.242ms)
✔ production schema applies atomically and records the version required by health checks (23.8828ms)
✔ production schema validates job timing, GPS values, and the active binding foreign key (2.3153ms)
✔ database migrations are ordered and checksum-protected (13.7353ms)
✔ local and production APIs share an explicit compatibility contract (1.6254ms)
✔ the Vercel web package is self-contained and its shared logic stays in sync (45.1434ms)
✔ production API rejects oversized JSON before database or adapter work (41.6139ms)
✔ production API reports malformed JSON without reaching the database (1.2599ms)
✔ production external GPS reconciliation never lets a late failed lookup overwrite a received Howen sample (2.4791ms)
✔ production reconciles two external GPS sources by time and exposes an authorized job detail route (2.9196ms)
(node:13700) [MODULE_TYPELESS_PACKAGE_JSON] Warning: Module type of file:///C:/Users/gps01/AppData/Local/Temp/songdee-deploy-opt-20260916/benchmarks/ops-baseline-first/web/app/dashboard-api.js?work-period-gps-test=1789538785533 is not specified and it doesn't parse as CommonJS.
Reparsing as ES module because module syntax was detected. This incurs a performance overhead.
To eliminate this warning, add "type": "module" to \\?\C:\Users\gps01\AppData\Local\Temp\songdee-deploy-opt-20260916\benchmarks\ops-baseline-first\web\package.json.
(Use `node --trace-warnings ...` to show where the warning was created)
✔ production exposes an authorized anchor-derived work-period GPS contract and a paging client (27.7726ms)
✔ the work-period GPS client exhausts every server page without losing metadata or job IDs (60.3189ms)
✔ production driver lookup rejects stale vehicle correlation before calling the adapter (2.831ms)
✔ tablet job history is signed and restricted to its current vehicle binding (3.1502ms)
✔ tablet vehicle changes require both the signed device and fleet-admin password (2.1208ms)
✔ local and production fleet endpoints require explicit device correlation and align idempotent setup responses (30.9776ms)
✔ production schema serializes active jobs against binding changes (3.9071ms)
✔ production stores work-period route assignments and inherits them until Finish work (3.5757ms)
✔ production route inheritance excludes only the previous Finish row at an inclusive period boundary (4.1239ms)
✔ production binding history uses an exclusive unbound boundary (5.2234ms)
✔ production password changes compare and replace the current hash atomically (2.0633ms)
✔ local SQL preserves parameters and executes an awaited query only once (3.0984ms)
✔ local transaction commits all queries on one connection with requested isolation (1.0773ms)
✔ local transaction rolls back and releases its connection after a query failure (1.2967ms)
✔ local adapter refuses remote hosts, executed transaction queries and unsafe isolation (0.9671ms)
(node:14708) ExperimentalWarning: VM Modules is an experimental feature and might change at any time
(Use `node --trace-warnings ...` to show where the warning was created)
✔ cloud proxy is unchanged unless Windows flag equals 1 (70.3063ms)
✔ Windows proxy blocks API2 host and rejects malformed authorities (4.7959ms)
✔ Windows rate limiting uses only the proxy-appended valid client IP (9.8933ms)
✔ standalone Next output is opt-in and cloud rewrites remain configured (5.9159ms)
ℹ tests 31
ℹ suites 0
ℹ pass 31
ℹ fail 0
ℹ cancelled 0
ℹ skipped 0
ℹ todo 0
ℹ duration_ms 1851.6149

[benchmark-phase] {"label":"tests","cwd":"","durationMs":2074,"exitCode":0}
▲ Next.js 16.3.1 (Turbopack)
✓ Running next.config.mjs took 47ms

  Creating an optimized production build ...
✓ Compiled successfully in 16.1s
  Running TypeScript ...
  Finished TypeScript in 1906ms ...
  Collecting page data using 5 workers ...
  Generating static pages using 5 workers (0/11) ...
  Generating static pages using 5 workers (2/11) 
  Generating static pages using 5 workers (5/11) 
  Generating static pages using 5 workers (8/11) 
✓ Generating static pages using 5 workers (11/11) in 746ms
  Finalizing page optimization ...

Route (app)
┌ ○ /
├ ○ /admin
├ ƒ /api/[[...segments]]
├ ○ /icon.svg
├ ○ /manifest.webmanifest
├ ○ /_not-found
├ ○ /print/landscape
├ ○ /print/portrait
├ ○ /routes
├ ○ /settings
└ ○ /timeline


ƒ Proxy (Middleware)

○  (Static)   prerendered as static content
ƒ  (Dynamic)  server-rendered on demand


[benchmark-phase] {"label":"build","cwd":"web","durationMs":34888,"exitCode":0}
