
added 46 packages in 1m

[benchmark-phase] {"label":"install","cwd":"web","durationMs":72125,"exitCode":0}
✔ password hashes verify only the original password (137.0527ms)
✔ admin token is valid for its version until expiration (1.1374ms)
✔ admin token rejects tampering and the wrong signing secret (0.332ms)
✔ production schema applies atomically and records the version required by health checks (16.8628ms)
✔ production schema validates job timing, GPS values, and the active binding foreign key (2.642ms)
✔ database migrations are ordered and checksum-protected (14.4768ms)
✔ local and production APIs share an explicit compatibility contract (1.1827ms)
✔ the Vercel web package is self-contained and its shared logic stays in sync (49.6847ms)
✔ production API rejects oversized JSON before database or adapter work (33.4823ms)
✔ production API reports malformed JSON without reaching the database (0.9038ms)
✔ production external GPS reconciliation never lets a late failed lookup overwrite a received Howen sample (1.7666ms)
✔ production reconciles two external GPS sources by time and exposes an authorized job detail route (2.2773ms)
(node:11188) [MODULE_TYPELESS_PACKAGE_JSON] Warning: Module type of file:///C:/Users/gps01/AppData/Local/Temp/songdee-deploy-opt-20260916/benchmarks/ops-baseline-warm/web/app/dashboard-api.js?work-period-gps-test=1789539598679 is not specified and it doesn't parse as CommonJS.
Reparsing as ES module because module syntax was detected. This incurs a performance overhead.
To eliminate this warning, add "type": "module" to \\?\C:\Users\gps01\AppData\Local\Temp\songdee-deploy-opt-20260916\benchmarks\ops-baseline-warm\web\package.json.
(Use `node --trace-warnings ...` to show where the warning was created)
✔ production exposes an authorized anchor-derived work-period GPS contract and a paging client (23.399ms)
✔ the work-period GPS client exhausts every server page without losing metadata or job IDs (51.7256ms)
✔ production driver lookup rejects stale vehicle correlation before calling the adapter (2.4091ms)
✔ tablet job history is signed and restricted to its current vehicle binding (2.2766ms)
✔ tablet vehicle changes require both the signed device and fleet-admin password (1.8782ms)
✔ local and production fleet endpoints require explicit device correlation and align idempotent setup responses (28.7492ms)
✔ production schema serializes active jobs against binding changes (4.5627ms)
✔ production stores work-period route assignments and inherits them until Finish work (5.0661ms)
✔ production route inheritance excludes only the previous Finish row at an inclusive period boundary (6.5837ms)
✔ production binding history uses an exclusive unbound boundary (2.0307ms)
✔ production password changes compare and replace the current hash atomically (1.6803ms)
✔ local SQL preserves parameters and executes an awaited query only once (2.9867ms)
✔ local transaction commits all queries on one connection with requested isolation (0.8202ms)
✔ local transaction rolls back and releases its connection after a query failure (1.1726ms)
✔ local adapter refuses remote hosts, executed transaction queries and unsafe isolation (0.7381ms)
(node:15820) ExperimentalWarning: VM Modules is an experimental feature and might change at any time
(Use `node --trace-warnings ...` to show where the warning was created)
✔ cloud proxy is unchanged unless Windows flag equals 1 (62.0054ms)
✔ Windows proxy blocks API2 host and rejects malformed authorities (3.5207ms)
✔ Windows rate limiting uses only the proxy-appended valid client IP (9.8932ms)
✔ standalone Next output is opt-in and cloud rewrites remain configured (5.2167ms)
ℹ tests 31
ℹ suites 0
ℹ pass 31
ℹ fail 0
ℹ cancelled 0
ℹ skipped 0
ℹ todo 0
ℹ duration_ms 1452.2411

[benchmark-phase] {"label":"tests","cwd":"","durationMs":1635,"exitCode":0}
▲ Next.js 16.3.1 (Turbopack)
✓ Running next.config.mjs took 51ms

  Creating an optimized production build ...
✓ Compiled successfully in 17.3s
  Running TypeScript ...
  Finished TypeScript in 2.1s ...
  Collecting page data using 5 workers ...
  Generating static pages using 5 workers (0/11) ...
  Generating static pages using 5 workers (2/11) 
  Generating static pages using 5 workers (5/11) 
  Generating static pages using 5 workers (8/11) 
✓ Generating static pages using 5 workers (11/11) in 709ms
  Finalizing page optimization ...

Route (app)
┌ ○ /
├ ○ /admin
├ ƒ /api/[[...segments]]
├ ○ /icon.svg
├ ○ /manifest.webmanifest
├ ○ /_not-found
├ ○ /print/landscape
├ ○ /print/portrait
├ ○ /routes
├ ○ /settings
└ ○ /timeline


ƒ Proxy (Middleware)

○  (Static)   prerendered as static content
ƒ  (Dynamic)  server-rendered on demand


[benchmark-phase] {"label":"build","cwd":"web","durationMs":35258,"exitCode":0}
